#-----------------------------------------------------------
# Vivado v2016.1 (64-bit)
# SW Build 1538259 on Fri Apr  8 15:45:27 MDT 2016
# IP Build 1537824 on Fri Apr  8 04:28:57 MDT 2016
# Start of session at: Wed Mar 01 12:01:07 2023
# Process ID: 8816
# Current directory: D:/test/BBIN_to_BCD_8_bit
# Command line: vivado.exe -gui_launcher_event rodinguilauncherevent10052 D:\test\BBIN_to_BCD_8_bit\BBIN_to_BCD_8_bit.xpr
# Log file: D:/test/BBIN_to_BCD_8_bit/vivado.log
# Journal file: D:/test/BBIN_to_BCD_8_bit\vivado.jou
#-----------------------------------------------------------
start_gui
open_project D:/test/BBIN_to_BCD_8_bit/BBIN_to_BCD_8_bit.xpr
update_compile_order -fileset sources_1
reset_run synth_1
launch_runs synth_1
wait_on_run synth_1
open_run synth_1 -name synth_1
add_files -norecurse D:/test/BBIN_to_BCD_8_bit/BBIN_to_BCD_8_bit.srcs/sources_1/new/led_bcd.v
remove_files D:/test/BBIN_to_BCD_8_bit/BBIN_to_BCD_8_bit.srcs/sources_1/new/led_bcd.v
file delete -force D:/test/BBIN_to_BCD_8_bit/BBIN_to_BCD_8_bit.srcs/sources_1/new/led_bcd.v
